8755876c-3ba8-4454-a00b-f780fb646773	Переведен в разряд ориентиров	\N		0	
454de0f6-dd9b-425f-997f-5b7f5f480335	Введен ориентир	\N		0	
10332651-bc57-4c40-8c5f-75ecd53fa4be	Распоряжение № 3-р от 10.01.2006	\N		0	
82f3d158-b256-4a60-a339-cfea607ba9ca	На оснований сведений предоставленных Муниципальным образованием	\N		0	
ece08605-28cf-4783-bc47-ca786abcbbc6	На основании сведений предоставленных  Муниципальным образованием	\N		0	
12507136-242a-4c2b-abf5-11ce11e5686c	Распоряжение № 6-р от 10.01.2006	\N		0	
f2cc78d6-ce1e-42dc-9e6f-95cdb31c83e3	первого заместителя Главы Администрации города Климовска	2011-12-05	1229	11	
41153bb0-f274-4b73-8866-a58d5044703e	Постановление Главы администрации Зарайского района Московской области от 25.12.2001г. № 563/15	\N		0	
d5c11fd3-9215-4fbf-a12a-31f6f6cdb34e	Постановление №517 от 26.11.2009	\N		0	
01b65e52-ae9f-4e4b-8182-b224ffc54bb3	постановление от 11.01.1999. № 6 Аксеновская сельская администрация.	\N		0	
0f0a5064-3920-4611-aa6d-fa0e476344ad	Постановление № 156 от 05.09.2011	\N		0	
cf266913-a688-49f5-929e-540ce7318e15	Договор дарения целого домовладения	1990-07-11	46	900	
f979d2c9-2cb1-41d6-b7f9-889f819a2371	Свидетельство  о государственной регистрации права	2009-12-03	50-НДN424140	900	
f20a44e0-63ab-4d98-a9c6-72b1e06f201f	Свидетельство  о государственной регистрации права	2010-03-04	50-НДN858931	900	
f19cbb61-fcff-4a68-8178-96776a2df798	Свидетельство о  государственной регистрации права	2006-11-24	50НАN1475922	900	
a47a6d3f-fe98-40d7-b0e3-8c88ba955ce7	Свидетельство о  государственной регистрации права	2011-11-21	50-АБN907253	900	
ac6d55ad-c0a7-4adc-9c40-d768378ccd13	Свидетельство  о государственной регистрации права	2007-10-17	50НБN714944	900	
9fadd827-c15f-4e92-9c3a-a5e13ebf2d97	Свидетельство  о государственной регистрации права	1999-05-13	АБ 0374899	900	
f55c89a7-9336-4480-bdff-6b234db44b87	Свидетельство  о государственной регистрации права	2005-08-09	НАN146918	900	
557b67d2-d7db-4595-aa15-e53341aedaf8	Свидетельство  о государственной регистрации права	2004-03-29	50АЖ № 001490	900	
d23d98ef-ace0-4a49-b7ac-d6938a8a2e26	Свидетельство о  государственной регистрации права	2004-12-16	50АЖ № 593812	900	
f357b341-9b7e-43c9-8653-39b8aca4fd0f	Свидетельство  о праве на наследство по закону	1990-03-30	1348	900	
e474ab43-5c97-463d-b49b-db580bfa056e	Свидетельство  о праве на наследство по закону	1997-07-04	2220	900	
3bda6fb8-c23e-4d09-aa92-40b886ec320b	Свидетельство о  праве на наследство по завещанию	1985-12-07	1-8905	900	
26731327-8ffe-4c59-a1df-9748c304e282	Свидетельство  о государственной регистрации права	2011-07-15	50-АГN794863	900	
86e31d66-cd25-4087-aabe-1b36769eabdf	Свидетельство о  государственной регистрации права	2008-05-14	50-НВN042191	900	
27b4fc61-07f1-4387-a354-53dd3fd36760	Свидетельство о  государственной регистрации права	2004-08-05	50АЖ № 380550	900	
1c6c712d-9416-49ca-ac60-2a2b128fb7af	Свидетельство о праве на наследство по закону	1953-03-02	1563	900	
ce8ade69-13e8-4c22-a342-c08172294eef	Свидетельство  о государственной регистрации права	2011-07-07	50-АБN901345	900	
05cf9c29-089d-4174-bd2c-10399f24d254	Свидетельство о праве на наследство  по завещанию	1999-01-22	188	900	
1588ff21-bc5a-4c5b-b806-f0e54813aab7	Свидетельство о праве на наследство  по завещанию	1986-11-29	1-8356	900	
90efbfdb-8e7a-4ac1-9912-0796d5aeb5ee	Свидетельство  о государственной регистрации права	2010-06-03	50-ААN047931	900	
ebdec9ef-91bc-4be8-9aa5-c08a1b56a148	Свидетельство  о государственной регистрации права	2002-10-17	50АД №000587	900	
4a65951f-d6bb-46ef-8e4b-cb8e0c33c119	Договор купли-продажи дома	1978-03-31	7	900	
12c95a57-13fc-48ba-be10-9d3b890842ca	Свидетельство  о праве на наследство по закону	1980-03-17	2562	900	
b8921abf-f480-4ec7-83c2-2c0ebce56ab1	Свидетельство о  праве на наследство по завещанию	1985-05-24	1-3681	900	
1111bf0b-72dc-4363-880d-4feb71d5f18f	Постановление отсутствует	\N		0	
991b1c77-d355-45ae-bdad-b1bbff5ae80d	О присвоении территориям статуса микрорайонов, расположенным в границах р.п. Маркова Иркутского района Иркутской области	2012-10-17	278	7	
2295abe5-0dcd-4b6a-895e-5ee419593ff0	Св-во ЕГРЮЛ 47 №000759130	\N		0	
114a986a-0299-48d0-8564-8c4f80f46e2c	О присвоении адреса пятиквартирному блокированному жилому дому и земельному участку	2013-06-24	1722	6	
e1d5998f-ca4f-4a20-927e-ea57623870fc	О присвоении адреса пятиквартирному блокированному жилому дому и земельному участку	2013-08-28	2478	6	
379196a7-6504-4209-8322-6715c5702c3e	О преобразовании МО Семеновского р-на	2010-12-22	211-3	1	
e5efb18c-37b2-4e24-9337-8cad8f2ab61d	Решение Совета депутатов Пушкинского района Московской области от 23.08.2001г. № 258/26	\N		0	
4aacd181-edd2-4e1f-96d9-1eef2cb6b4dc	Распоряжение Главы  Пушкинского муниципального района Московской области от 22.09.2004г. № 416-р	\N		0	
28b30309-34a7-48c7-9dda-948355da2e48	NIL	2011-05-13	41-ПГ	0	
6bd9f0fa-8b88-4768-9b70-205f30b89f66	NIL	2011-05-13	41-ПГ	6	
57a6e03e-ca69-4839-be79-e111b18b48fb	о предоставлении информации	2014-04-22	22-17/86546	11	
27440870-1632-4dc0-9351-35322c8388cd	Получено по результатам сверки, соглашение №18	\N		0	
5fe6051f-e0fb-4f48-89d5-90095c7a80f4	Об утверждении наименований улиц и домов	2001-12-20	№ 87	9	
1fdd110a-79ee-454d-974e-a6e4b1c214a1	Справка об адресной регистрации объекта недвижимости	2012-07-23	63 1361	14	
1fcd2e15-569d-4f94-b119-4b0fe95c0af5	Справка об адресной регистрации объекта недвижимости	2014-11-10	АРС 63 3168	14	
1eb4103e-fa24-440b-b02c-a2ebdd1e85c3	Администрация Б_Исаковского МО (84015130236-Вера Итальева). Нет объектов по этой улице	\N		0	
6dd49c0a-e438-4d38-a018-0b2daef97bc0	справочник ОКТМО	2014-03-01	б/н	0	
da97a3d9-80fd-4e54-93ce-7d5d43dc08b7	Об утверждении адреса объекта недвижимости	2015-08-11	1119-РП	15	1e1128e6-9745-411c-9f40-c6c0dabc5179
ecd27d88-e0b1-4707-8ca1-300fac707219	Об утверждении адреса объекта недвижимости\r\n	2014-07-30	610-РП	15	00d8403a-07db-4246-932e-b39e83cb84fb
bf487456-39ff-40b8-8f1f-ad42219983bb	Об утверждении адреса объекта недвижимости	2014-07-30	621-РП	15	dbf5bbb6-37ef-44ef-966a-0b1297283c08
9359b964-8b7e-4ba8-b730-b81351990781	Об утверждении адреса объекта недвижимости\r\n	2014-07-30	627-РП	15	af07b22f-2564-4a3a-932f-6c01d416d0ae
cc9d10c9-be58-4002-8949-786b1c421695	Об утверждении адреса объекта недвижимости\r\n	2014-07-30	624-РП	15	0ed85e7d-4a63-44f3-a6be-33e68edb428f
5b279d51-b2b9-4022-9738-2f8288b6c50b	Об утверждении адреса объекта недвижимости\r\n	2014-07-30	644-РП	15	da4e3cf4-96da-45c6-a01a-7fe46baaf520
792fff5b-4c46-4bb0-8a7f-85772c66bd00	Об утверждении адреса объекта недвижимости	2014-07-30	620-РП	15	c97a7c94-b633-48e1-ad85-dd34ae3a2962
bd9ff5a4-56b7-4c8d-8dd9-9b271d507363	Об утверждении адреса объекта недвижимости\r\n	2014-07-30	625-РП	15	baf7eb49-3913-4698-8561-338143a15a7a
9090e528-db38-42b3-922d-d624023b02a7	Об утверждении адреса объекта недвижимости	2014-07-02	648-РП	15	d03ca1a0-a6fe-4887-8b7d-c60c78000de7
bd07d6c8-5acd-45b8-a2ac-8b0bb76ed8f1	Об утверждении адреса объекта недвижимости	2016-10-27	754-РП	15	99cce508-dbc6-4b5a-bbdc-1ee431d59776
29a3937b-4144-4553-bae2-381bd1c9b3e1	Об утверждении адреса объекта недвижимости	2014-07-30	640-РП	15	fe388e7b-25ef-4d48-9e1d-e1172a8dc1d7
72117b35-47ba-45e8-9549-ec1138d5c110	Об утверждении адреса объекта недвижимости	2014-07-30	628-РП	15	c2a6912c-0daa-4dc4-8174-652124f67b8f
f1e0ba8e-41e1-49bd-827f-f51384f69a63	Об утверждении адреса объекта недвижимости	2015-08-11	1118-РП	15	13661d19-f7d2-4a81-a4f3-4c68d064e092
7b4ee1ec-ac52-4051-878a-b760ebd11984	Об утверждении адреса объекта недвижимости	2014-07-30	612-РП	15	10a18a62-8a1c-4485-9864-04c5ce2b9697
58676266-ce1c-43dd-a9ba-2d0f07e08f9b	Об утверждении адреса объекта недвижимости	2015-08-11	1117-РП	15	59a223b5-d9b4-417b-80b0-5359888a3697
202059db-5850-4c47-9a64-4c393283e37b	Об утверждении адреса объекта недвижимости	2014-07-30	630-РП	15	fd9a6a09-8883-4ba2-8101-4ce45b0ed842
44d608c4-66b3-443b-af0f-88cfc02693d2	Об утверждении адреса объекта недвижимости	2014-06-30	616-РП	15	d04eb2ef-7064-49ec-a5b5-cd187bd31aff
7cfd36b2-3815-4c89-a988-3fd4202d6848	Об утверждении адреса объекта недвижимости\r\n	2014-07-02	657-РП	15	c9d056cb-725b-4450-931e-2bfd334aeeb1
78aaf39c-a3bd-4f64-9f66-913dc14e99f6	Об утверждении адреса объекта недвижимости\r\n	2014-07-30	641-РП	15	246461e5-243e-431f-9f24-690135c3b629
1f493b45-55f7-4ca5-898e-a950b39aa74e	Об утверждении адреса объекта недвижимости\r\n	2014-07-30	617-РП	15	ca1d0095-d16c-44e6-b339-ea20184cba00
7ec1bb44-8156-4477-bc38-46a89e5eb32e	Об утверждении адреса объекта недвижимости\r\n	2014-07-30	615-РП	15	88397fca-3ef7-4a1c-8191-b3ec455e5a4f
fd933a45-132d-4edf-8b1a-783ef6632237	Об утверждении адреса объекта недвижимости	2014-07-30	632-РП	15	abb2cced-e0e4-488d-8320-6e27b21dcb41
8bd3faba-0a22-4f55-b0dc-3e7bea10aa7d	Об утверждении адреса объекта недвижимости\r\n	2014-07-30	636-РП	15	d703647e-6ded-4696-a7cb-aa28331bd587
8f0c5a11-fc4a-405b-bd99-9ef3ff69882a	Об утверждении адреса объекта недвижимости	2014-05-30	626-РП	15	a96e41f2-a013-4bbd-b785-0555483cbe20
20031eb3-426e-469d-baca-e1229e7e6401	Об утверждении адреса объекта недвижимости	2014-07-21	756-РП	15	b6bd034a-d3d6-4d8f-98ad-51c53a447a20
4e8b79c1-d0c7-4a0b-8893-40a9633f21ba	Об утверждении адреса объекта недвижимости\r\n	2014-12-22	1520-РП	15	74a7ca58-8f15-4a99-ad7c-497770d317d9
c32f5dc2-294c-4629-949c-e09a0f4c933d	Об утверждении адреса объекта недвижимости\r\n	2014-07-30	635-РП	15	e67214b3-ffff-4505-afae-5b0fe0e21202
5b2ba662-a9e4-45bc-ac6c-e179533d27e6	Об утверждении адреса объекта недвижимости\r\n	2014-07-30	629-РП	15	29ddb992-901f-4e74-8c49-b041c801eb96
fd270594-7084-4556-87de-b51d7fe5104e	Об утверждении адреса объекта недвижимости	2014-07-02	649-РП	15	f1075a71-5dcd-4200-9266-24d1e8e24019
e3b1e44e-5443-4072-ab85-2372c960bbb1	Об утверждении адреса объекта недвижимости	2014-07-30	633-РП	15	def76252-d24b-4fdf-8ff9-933f6b3510df
cc5c27ca-110e-4a02-84e3-341461d229c7	Об утверждении адреса объекта недвижимости\r\n	2014-07-30	623-РП	15	4530591f-a238-4e22-b3ed-84b1fa9e8dc8
bfeec173-c831-4388-ab0e-df13a934a2b7	Об утверждении адреса объекта недвижимости	2014-07-30	614-РП	15	e7f8201a-0963-4fe4-a312-c1c956ebfe74
26d06f2f-e45c-48a0-8038-c35061c5dc62	Об утверждении адреса объекта недвижимости	2015-08-11	1120-РП	15	971ab4be-9ac7-4caa-b168-ce4b6ab4311b
e5158880-1a87-4753-8c78-9bcb964a1f98	Об утверждении адреса объекта недвижимости	2014-07-30	622-РП	15	4b9930c9-210b-43ca-8f80-d97d8ead0562
6cbc4342-6c7d-4acd-9d7d-b4f0fe33a8a7	Об утверждении адреса объекта недвижимости	2014-07-30	634-РП	15	071a699a-ecda-4a88-8589-acf56d1d464f
1ba0606b-0cd1-45f8-9291-aee4f3cb27bf	Об утверждении адреса объекта недвижимости	2015-08-11	1125-РП	15	01710dea-f49c-40b9-8e9a-3f70b87301b6
c5ebb66b-8511-4e9f-854c-e124ad376eae	Об утверждении адреса объекта недвижимости	2014-07-30	637-РП	15	61db357b-1091-414d-b2e3-6dd9398b374d
ebf0837a-210d-4876-a5b1-b89d75e6f773	Об утверждении адреса объекта недвижимости\r\n	2014-07-30	613-РП	15	61e5c44e-4d44-42ba-8fa0-06aa6d9cc001
028a34b0-8a72-4e59-8d03-ea63294be820	Об утверждении адреса объекта недвижимости\r\n	2014-07-30	642-РП	15	0732cd48-4c49-4917-ba23-96ae8eb8c246
0b7b38c4-3132-470e-a532-62d23d75abb3	Об утверждении адреса объекта недвижимости	2014-07-02	658-РП	15	e3c7da30-60a3-414f-a547-ce9cc1cb7e3a
74429ace-0bca-4090-bb4b-90c2d0dd443b	Об утверждении адреса объекта недвижимости	2014-07-30	631-РП	15	21be5ae7-6fbc-4d04-99c5-242412298be5
93886316-51c7-409d-a2a4-110006a99ef6	Об утверждении адреса объекта недвижимости	2015-08-11	1121-РП	15	0c3486f6-368a-4d94-ba71-f03e46f9e59a
40789141-9eac-4329-8ed2-afbbecf260f7	Об утверждении адреса объекта недвижимости	2015-08-11	1122-РП	15	812db3e7-9505-4ccf-8348-d7553b9459c2
13655622-c02a-4225-916d-5e5f64bd4f5d	Об утверждении адреса объекта недвижимости	2014-07-30	638-РП	15	0a924b39-51bb-4600-ad02-658ed92341e4
e0e3f194-b1a7-4bc8-a4f7-106b9691720c	Об утверждении адреса объекта недвижимости	2014-06-20	640-РП	15	1f06db79-7bf9-4236-872f-97f13cd5135f
08b98fbe-9223-45cf-9c3f-8a65d0131c90	Об утверждении адреса объекта недвижимости\r\n	2014-07-30	643-РП	15	ed2a5f60-5b6d-418a-b5a3-e223313391fb
055c5487-f33d-4e58-8b73-259e16819497	Об утверждении адреса объекта недвижимости	2014-07-30	611-РП	15	ce08eb2c-eee0-477d-bf99-978f5ca2f5de
0d9ff7f0-0a9b-49e4-9b05-fd598933b79a	Об утверждении адреса объекта недвижимости	2014-07-30	618-РП	15	59671ff1-17f8-466d-84e2-24fd60733066
71f7fcb7-befa-4695-8e02-31295bb9c96b	Об утверждении адреса объекта недвижимости	2015-08-11	1124-РП	15	df79a580-5857-432a-8c04-4b3f78056a2a
107e9b21-deb2-48ca-bd7a-47fa25ab6339	Об утверждении адреса объекта недвижимости\r\n	2014-07-02	656-РП	15	c93fac38-d568-4d74-a06e-d28dc3f3d5e9
1313de53-5b75-446a-80e5-89a01d618284	Об утверждении адреса объекта недвижимости	2015-08-11	1123-РП	15	63c9e3e2-ee59-452f-b4b1-18aeee7f961a
94dbc5dc-fa6e-45bd-9c4c-abd2899ead24	Об утверждении адреса объекта недвижимости	2014-07-30	639-РП	15	f4c96b2a-ec89-4eb1-b476-f56d4dd41099
67427af0-14d7-467a-8416-12210f828d6e	Постановление Главы с.п. Дороховское	2012-04-27	209	7	778ace47-3a56-4af4-9829-6d8798bbce3c
a817e5ab-f2e5-412f-a9a5-b3ade5d95d90	< Об образовании нового муниципального образования Лобановское сельское поселение>	2013-05-06	194-ПК	3	
f1fcf1db-d065-4f42-92d0-25d6c8f17588	NIL	2015-10-15	4992/10	8	
